------------------------------------------------------------
Timing Analyzer Summary
------------------------------------------------------------

Type  : Slow 1200mV 85C Model Setup 'control:c0|current_state.S_LOAD'
Slack : -3.272
TNS   : -3.272

Type  : Slow 1200mV 85C Model Setup 'CLOCK_50'
Slack : -1.581
TNS   : -3.926

Type  : Slow 1200mV 85C Model Setup 'VGA|mypll|altpll_component|pll|clk[0]'
Slack : 33.458
TNS   : 0.000

Type  : Slow 1200mV 85C Model Hold 'CLOCK_50'
Slack : 0.381
TNS   : 0.000

Type  : Slow 1200mV 85C Model Hold 'VGA|mypll|altpll_component|pll|clk[0]'
Slack : 0.388
TNS   : 0.000

Type  : Slow 1200mV 85C Model Hold 'control:c0|current_state.S_LOAD'
Slack : 3.018
TNS   : 0.000

Type  : Slow 1200mV 85C Model Minimum Pulse Width 'control:c0|current_state.S_LOAD'
Slack : 0.420
TNS   : 0.000

Type  : Slow 1200mV 85C Model Minimum Pulse Width 'CLOCK_50'
Slack : 9.628
TNS   : 0.000

Type  : Slow 1200mV 85C Model Minimum Pulse Width 'VGA|mypll|altpll_component|pll|clk[0]'
Slack : 19.706
TNS   : 0.000

Type  : Slow 1200mV 0C Model Setup 'control:c0|current_state.S_LOAD'
Slack : -2.883
TNS   : -2.883

Type  : Slow 1200mV 0C Model Setup 'CLOCK_50'
Slack : -1.342
TNS   : -3.439

Type  : Slow 1200mV 0C Model Setup 'VGA|mypll|altpll_component|pll|clk[0]'
Slack : 34.036
TNS   : 0.000

Type  : Slow 1200mV 0C Model Hold 'VGA|mypll|altpll_component|pll|clk[0]'
Slack : 0.354
TNS   : 0.000

Type  : Slow 1200mV 0C Model Hold 'CLOCK_50'
Slack : 0.355
TNS   : 0.000

Type  : Slow 1200mV 0C Model Hold 'control:c0|current_state.S_LOAD'
Slack : 2.740
TNS   : 0.000

Type  : Slow 1200mV 0C Model Minimum Pulse Width 'control:c0|current_state.S_LOAD'
Slack : 0.429
TNS   : 0.000

Type  : Slow 1200mV 0C Model Minimum Pulse Width 'CLOCK_50'
Slack : 9.649
TNS   : 0.000

Type  : Slow 1200mV 0C Model Minimum Pulse Width 'VGA|mypll|altpll_component|pll|clk[0]'
Slack : 19.709
TNS   : 0.000

Type  : Fast 1200mV 0C Model Setup 'control:c0|current_state.S_LOAD'
Slack : -1.217
TNS   : -1.217

Type  : Fast 1200mV 0C Model Setup 'CLOCK_50'
Slack : -0.645
TNS   : -1.142

Type  : Fast 1200mV 0C Model Setup 'VGA|mypll|altpll_component|pll|clk[0]'
Slack : 36.714
TNS   : 0.000

Type  : Fast 1200mV 0C Model Hold 'VGA|mypll|altpll_component|pll|clk[0]'
Slack : 0.159
TNS   : 0.000

Type  : Fast 1200mV 0C Model Hold 'CLOCK_50'
Slack : 0.163
TNS   : 0.000

Type  : Fast 1200mV 0C Model Hold 'control:c0|current_state.S_LOAD'
Slack : 1.587
TNS   : 0.000

Type  : Fast 1200mV 0C Model Minimum Pulse Width 'control:c0|current_state.S_LOAD'
Slack : 0.458
TNS   : 0.000

Type  : Fast 1200mV 0C Model Minimum Pulse Width 'CLOCK_50'
Slack : 9.373
TNS   : 0.000

Type  : Fast 1200mV 0C Model Minimum Pulse Width 'VGA|mypll|altpll_component|pll|clk[0]'
Slack : 19.754
TNS   : 0.000

------------------------------------------------------------
